// Vitest Snapshot v1, https://vitest.dev/guide/snapshot.html

exports[`RAY_MARCH_FRAGMENT > 快照：片段着色器字符串稳定 1`] = `
"precision highp float;
precision highp sampler3D;
in vec3 vWorldPos;
uniform sampler3D uTex;
uniform vec3 uBoxMin;
uniform vec3 uBoxMax;
uniform vec3 uCameraPos;
uniform float uOpacity;
uniform int uSteps;
out vec4 fragColor;

vec2 rayBox(vec3 ro, vec3 rd, vec3 bmin, vec3 bmax) {
  vec3 inv = 1.0 / rd;
  vec3 t0 = (bmin - ro) * inv;
  vec3 t1 = (bmax - ro) * inv;
  vec3 tmin = min(t0, t1);
  vec3 tmax = max(t0, t1);
  float tNear = max(max(tmin.x, tmin.y), tmin.z);
  float tFar = min(min(tmax.x, tmax.y), tmax.z);
  return vec2(tNear, tFar);
}

void main() {
  vec3 ro = uCameraPos;
  vec3 rd = normalize(vWorldPos - ro);
  vec2 t = rayBox(ro, rd, uBoxMin, uBoxMax);
  if (t.y < t.x || t.y < 0.0) {
    fragColor = vec4(0.0);
    return;
  }
  float t0 = max(t.x, 0.0);
  float t1 = t.y;
  // 深度剥除（用户需求「拉低时外层先透明、内层慢慢跟」）：
  // 滑杆越低，每条光线靠近视线的外侧 peel 段按二次曲线平滑淡出（外层先透明），
  // 内层保持完整采样；整体再乘图层级透明度 uOpacity（内层慢慢跟着变淡）。
  // uOpacity=1 → peel=0、采样系数 m=1，行为与全不透明完全一致（零回归）。
  float peel = (1.0 - uOpacity) * 0.5;
  float spanT = max(t1 - t0, 1e-9);
  int steps = max(1, uSteps);
  float d = (t1 - t0) / float(steps);
  vec3 span = max(uBoxMax - uBoxMin, vec3(1e-9));
  vec4 acc = vec4(0.0);
  for (int i = 0; i < 256; i++) {
    if (i >= steps) break;
    float s = t0 + (float(i) + 0.5) * d;
    float df = (s - t0) / spanT;
    float m = 1.0;
    if (peel > 0.0 && df < peel) {
      float k = clamp(df / max(peel, 1e-6), 0.0, 1.0);
      m = k * k;
    }
    vec3 pos = ro + rd * s;
    vec3 n = (pos - uBoxMin) / span;
    // 数据布局：numpy (x,y,z) 扁平（z 最快），DataTexture3D dims=(nk,nj,ni)
    // → 纹理坐标 = (z, y, x)，采样 uv 需 swizzle
    vec3 uvw = clamp(vec3(n.z, n.y, n.x), 0.0, 1.0);
    vec4 col = texture(uTex, uvw);
    float a = col.a * m;
    acc.rgb += (1.0 - acc.a) * col.rgb * a;
    acc.a += (1.0 - acc.a) * a;
    if (acc.a > 0.98) break;
  }
  // uOpacity 是【图层级】透明度：只乘最终 alpha（用户实测：若按每采样步乘，
  // 大网格 256 步累积后无论滑杆多低都近乎不透明，「调低透明度没用」）。
  // acc.rgb 为 front-to-back 预乘累积，NormalBlending 下与场景正确合成。
  fragColor = vec4(acc.rgb, acc.a * uOpacity);
}
"
`;

exports[`RAY_MARCH_VERTEX > 透传世界坐标（vWorldPos 供片段射线方向） 1`] = `
"precision highp float;
in vec3 position;
uniform mat4 modelViewMatrix;
uniform mat4 projectionMatrix;
uniform mat4 modelMatrix;
out vec3 vWorldPos;
void main() {
  vec4 wp = modelMatrix * vec4(position, 1.0);
  vWorldPos = wp.xyz;
  gl_Position = projectionMatrix * modelViewMatrix * vec4(position, 1.0);
}
"
`;
